// Jest Snapshot v1, https://goo.gl/fbAQLP

exports[`Test for atomic Loading Loading Snapshot renders correctly 1`] = `
<View
  style={
    Object {
      "flexDirection": "row",
    }
  }
>
  <Text>
    Loading ....
  </Text>
</View>
`;
